../Core/Src/main.c:93:5:main	10
../Core/Src/main.c:240:6:SystemClock_Config	4
../Core/Src/main.c:288:13:MX_ADC1_Init	3
../Core/Src/main.c:335:13:MX_IWDG_Init	2
../Core/Src/main.c:363:13:MX_TIM2_Init	5
../Core/Src/main.c:415:13:MX_USART1_UART_Init	2
../Core/Src/main.c:446:13:MX_DMA_Init	1
../Core/Src/main.c:464:13:MX_GPIO_Init	1
../Core/Src/main.c:492:6:HAL_TIM_PeriodElapsedCallback	3
../Core/Src/main.c:504:6:HAL_ADC_ConvCpltCallback	2
../Core/Src/main.c:513:6:HAL_UART_TxCpltCallback	1
../Core/Src/main.c:527:6:Error_Handler	1
