../Core/Src/main.c:93:5:main	64	static
../Core/Src/main.c:240:6:SystemClock_Config	88	static
../Core/Src/main.c:288:13:MX_ADC1_Init	24	static
../Core/Src/main.c:335:13:MX_IWDG_Init	8	static
../Core/Src/main.c:363:13:MX_TIM2_Init	56	static
../Core/Src/main.c:415:13:MX_USART1_UART_Init	8	static
../Core/Src/main.c:446:13:MX_DMA_Init	16	static
../Core/Src/main.c:464:13:MX_GPIO_Init	32	static
../Core/Src/main.c:492:6:HAL_TIM_PeriodElapsedCallback	16	static
../Core/Src/main.c:504:6:HAL_ADC_ConvCpltCallback	16	static
../Core/Src/main.c:513:6:HAL_UART_TxCpltCallback	16	static
../Core/Src/main.c:527:6:Error_Handler	4	static,ignoring_inline_asm
